/home/kevin/Documents/Dev/Uni/mathematics_and_ml_internship_embedding_space_alignment/.venv/lib/python3.14/site-packages/torchvision/datasets/cifar.py:83: VisibleDeprecationWarning: dtype(): align should be passed as Python or NumPy boolean but got `align=0`. Did you mean to pass a tuple to create a subarray type? (Deprecated NumPy 2.4)
  entry = pickle.load(f, encoding="latin1")
Device: cuda

=== ResNet-18 ===
Fine-tuning for 20 epochs...
  epoch 1/20  train acc: 0.722
  epoch 2/20  train acc: 0.797
  epoch 3/20  train acc: 0.823
  epoch 4/20  train acc: 0.844
  epoch 5/20  train acc: 0.854
  epoch 6/20  train acc: 0.866
  epoch 7/20  train acc: 0.871
  epoch 8/20  train acc: 0.883
  epoch 9/20  train acc: 0.890
  epoch 10/20  train acc: 0.897
  epoch 11/20  train acc: 0.905
  epoch 12/20  train acc: 0.910
  epoch 13/20  train acc: 0.919
  epoch 14/20  train acc: 0.923
  epoch 15/20  train acc: 0.927
  epoch 16/20  train acc: 0.930
  epoch 17/20  train acc: 0.935
/usr/lib/python3.14/multiprocessing/resource_tracker.py:396: UserWarning: resource_tracker: There appear to be 20 leaked semaphore objects to clean up at shutdown: {'/mp-bdrd09o7', '/mp-wz6u0njz', '/mp-abnd_ph5', '/mp-xkwsl5_g', '/mp-4a3zbnxz', '/mp-lez6in3t', '/mp-7q3poql6', '/mp-zugcs69o', '/mp-uhkmr84o', '/mp-wm57nffv', '/mp-mph8trhk', '/mp-prcw6lmy', '/mp-02bo4ocy', '/mp-jd07xg91', '/mp-mq1hdxb_', '/mp-_7cc31g_', '/mp-uhtv81ke', '/mp-kkqa15qc', '/mp-r9ikbgl7', '/mp-huek8iq1'}
  warnings.warn(
