/home/kevin/Documents/Dev/Uni/mathematics_and_ml_internship_embedding_space_alignment/.venv/lib/python3.14/site-packages/torchvision/datasets/cifar.py:83: VisibleDeprecationWarning: dtype(): align should be passed as Python or NumPy boolean but got `align=0`. Did you mean to pass a tuple to create a subarray type? (Deprecated NumPy 2.4)
  entry = pickle.load(f, encoding="latin1")
Device: cuda

=== ResNet-18 ===
Fine-tuning for 20 epochs...
  epoch 1/20  train acc: 0.718
  epoch 2/20  train acc: 0.796
  epoch 3/20  train acc: 0.823
  epoch 4/20  train acc: 0.836
  epoch 5/20  train acc: 0.851
  epoch 6/20  train acc: 0.862
  epoch 7/20  train acc: 0.870
  epoch 8/20  train acc: 0.877
  epoch 9/20  train acc: 0.888
  epoch 10/20  train acc: 0.896
  epoch 11/20  train acc: 0.902
  epoch 12/20  train acc: 0.908
  epoch 13/20  train acc: 0.915
  epoch 14/20  train acc: 0.920
  epoch 15/20  train acc: 0.926
  epoch 16/20  train acc: 0.929
  epoch 17/20  train acc: 0.932
  epoch 18/20  train acc: 0.934
  epoch 19/20  train acc: 0.935
  epoch 20/20  train acc: 0.937
Extracting activations...
Computing GradCAM...
Saved 6 layers × 1000 samples → data/vision/resnet18.h5

=== ViT-B/16 ===
Fine-tuning for 15 epochs on 10000 samples...
  epoch 1/15  train acc: 0.225
  epoch 2/15  train acc: 0.283
  epoch 3/15  train acc: 0.334
  epoch 4/15  train acc: 0.369
/usr/lib/python3.14/multiprocessing/resource_tracker.py:396: UserWarning: resource_tracker: There appear to be 20 leaked semaphore objects to clean up at shutdown: {'/mp-w5g5wi0l', '/mp-2f_kjsf6', '/mp-07tlwqv4', '/mp-ko_ey9ws', '/mp-ki5ka21r', '/mp-xun785dv', '/mp-n3eu_wrt', '/mp-qqzgx9zl', '/mp-rvfgyhtp', '/mp-zgkx0y0j', '/mp-tvjeudii', '/mp-pb6n331l', '/mp-29eazklg', '/mp-qxyxvcqm', '/mp-zzi99ypm', '/mp-vtl66xfb', '/mp-sqnh1jgs', '/mp-j35choz5', '/mp-sucixiln', '/mp-67yohz0f'}
  warnings.warn(
